// Vitest Snapshot v1, https://vitest.dev/guide/snapshot.html

exports[`FloatingChatSystem 
 > Should RenderChatSystem 1`] = `
<div>
  <div
    class="w-72 shadow-lg rounded-t-lg md:block hidden fixed bottom-0 right-0 mr-8 transition-transform duration-300
        dark:bg-darkGray bg-white cursor-pointer translate-y-[calc(100%-56px)]"
  >
    <header
      class="flex w-full h-14 bg-charcoalWhite dark:bg-darkGray items-center px-4 gap-4 border-b border-gray-300 rounded-t-lg"
    >
      <img
        alt="User Avatar"
        class="rounded-full w-10 h-10 border border-gray-300"
        src="https://randomuser.me/api/portraits/men/2.jpg"
      />
      <h2
        class="font-semibold text-gray-800 dark:text-white flex-grow"
      >
        Messaging
      </h2>
      <button
        class="p-2 rounded-full hover:bg-gray-200 dark:hover:bg-gray-700"
      >
        <svg
          class="lucide lucide-ellipsis-vertical w-6 h-6 text-gray-600 dark:text-gray-300"
          fill="none"
          height="24"
          stroke="currentColor"
          stroke-linecap="round"
          stroke-linejoin="round"
          stroke-width="2"
          viewBox="0 0 24 24"
          width="24"
          xmlns="http://www.w3.org/2000/svg"
        >
          <circle
            cx="12"
            cy="12"
            r="1"
          />
          <circle
            cx="12"
            cy="5"
            r="1"
          />
          <circle
            cx="12"
            cy="19"
            r="1"
          />
        </svg>
      </button>
    </header>
    <div
      class="flex items-center gap-3 p-3 bg-gray-100 dark:bg-gray-800 border-b border-gray-300"
    >
      <div
        class="h-10 flex items-center border border-gray-300 rounded-lg px-2 cursor-pointer bg-white 
        hover:border-gray-400"
      >
        <input
          class="border-none outline-none text-sm caret-crimsonRed flex-grow"
          name="text"
          placeholder="Search..."
          type="text"
          value=""
        />
        <svg
          class="lucide lucide-search w-4 h-4 text-gray-500"
          data-testid="test-search-icon"
          fill="none"
          height="24"
          stroke="currentColor"
          stroke-linecap="round"
          stroke-linejoin="round"
          stroke-width="2"
          viewBox="0 0 24 24"
          width="24"
          xmlns="http://www.w3.org/2000/svg"
        >
          <circle
            cx="11"
            cy="11"
            r="8"
          />
          <path
            d="m21 21-4.3-4.3"
          />
        </svg>
      </div>
    </div>
  </div>
</div>
`;
